<html>
<body>
<pre>
<h1>µVision Build Log</h1>
<h2>Tool Versions:</h2>
IDE-Version: ÂµVision V5.38.0.0
Copyright (C) 2022 ARM Ltd and ARM Germany GmbH. All rights reserved.
License Information: lang toan, d, LIC=GMZI6-DHZ8R-RAADM-X3K8A-79GMS-GHGYV
 
Tool Versions:
Toolchain:       MDK-ARM Plus  Version: 5.38.0.0
Toolchain Path:  C:\Keil_v5\ARM\ARMCLANG\Bin
C Compiler:      ArmClang.exe V6.19
Assembler:       Armasm.exe V6.19
Linker/Locator:  ArmLink.exe V6.19
Library Manager: ArmAr.exe V6.19
Hex Converter:   FromElf.exe V6.19
CPU DLL:         SARMCM3.DLL V5.38.0.0
Dialog DLL:      DCM.DLL V1.17.5.0
Target DLL:      STLink\ST-LINKIII-KEIL_SWO.dll V3.1.0.0
Dialog DLL:      TCM.DLL V1.56.4.0
 
<h2>Project:</h2>
E:\1_TOANLT\1_Couse\STM-Full-AZ\STM32_SPL\B5_2_PWM\PWM.uvprojx
Project File Date:  02/02/2024

<h2>Output:</h2>
*** Using Compiler 'V6.19', folder: 'C:\Keil_v5\ARM\ARMCLANG\Bin'
Build target 'Target 1'
main.c(1): warning: In file included from...
./myLIB\systick.h(4): warning: In file included from...
C:/Users/Lenovo/AppData/Local/Arm/Packs/Keil/STM32F1xx_DFP/2.4.1/Device/Include\stm32f10x.h(18): warning: invalid UTF-8 in comment [-Winvalid-utf8]
  *              - To use or not the peripheral<92>s drivers in application code(i.e. 
                                               ^
C:/Users/Lenovo/AppData/Local/Arm/Packs/Keil/STM32F1xx_DFP/2.4.1/Device/Include\stm32f10x.h(19): warning: invalid UTF-8 in comment [-Winvalid-utf8]
  *                code will be based on direct access to peripheral<92>s registers 
                                                                    ^
C:/Users/Lenovo/AppData/Local/Arm/Packs/Keil/STM32F1xx_DFP/2.4.1/Device/Include\stm32f10x.h(26): warning: invalid UTF-8 in comment [-Winvalid-utf8]
  *           - Macros to access peripheral<92>s registers hardware
                                           ^
main.c(1): warning: In file included from...
./myLIB\systick.h(4): warning: In file included from...
C:/Users/Lenovo/AppData/Local/Arm/Packs/Keil/STM32F1xx_DFP/2.4.1/Device/Include\stm32f10x.h(8347): warning: In file included from...
./RTE/Device/STM32F103C8\stm32f10x_conf.h(63): warning: In file included from...
C:/Users/Lenovo/AppData/Local/Arm/Packs/Keil/STM32F1xx_DFP/2.4.1/Device/StdPeriph_Driver/inc\stm32f10x_gpio.h(31): warning: In file included from...
C:/Users/Lenovo/AppData/Local/Arm/Packs/Keil/STM32F1xx_DFP/2.4.1/Device/Include\stm32f10x.h(18): warning: invalid UTF-8 in comment [-Winvalid-utf8]
  *              - To use or not the peripheral<92>s drivers in application code(i.e. 
                                               ^
C:/Users/Lenovo/AppData/Local/Arm/Packs/Keil/STM32F1xx_DFP/2.4.1/Device/Include\stm32f10x.h(19): warning: invalid UTF-8 in comment [-Winvalid-utf8]
  *                code will be based on direct access to peripheral<92>s registers 
                                                                    ^
C:/Users/Lenovo/AppData/Local/Arm/Packs/Keil/STM32F1xx_DFP/2.4.1/Device/Include\stm32f10x.h(26): warning: invalid UTF-8 in comment [-Winvalid-utf8]
  *           - Macros to access peripheral<92>s registers hardware
                                           ^
main.c(1): warning: In file included from...
./myLIB\systick.h(4): warning: In file included from...
C:/Users/Lenovo/AppData/Local/Arm/Packs/Keil/STM32F1xx_DFP/2.4.1/Device/Include\stm32f10x.h(8347): warning: In file included from...
./RTE/Device/STM32F103C8\stm32f10x_conf.h(75): warning: In file included from...
C:/Users/Lenovo/AppData/Local/Arm/Packs/Keil/STM32F1xx_DFP/2.4.1/Device/StdPeriph_Driver/inc\stm32f10x_rcc.h(31): warning: In file included from...
C:/Users/Lenovo/AppData/Local/Arm/Packs/Keil/STM32F1xx_DFP/2.4.1/Device/Include\stm32f10x.h(18): warning: invalid UTF-8 in comment [-Winvalid-utf8]
  *              - To use or not the peripheral<92>s drivers in application code(i.e. 
                                               ^
C:/Users/Lenovo/AppData/Local/Arm/Packs/Keil/STM32F1xx_DFP/2.4.1/Device/Include\stm32f10x.h(19): warning: invalid UTF-8 in comment [-Winvalid-utf8]
  *                code will be based on direct access to peripheral<92>s registers 
                                                                    ^
C:/Users/Lenovo/AppData/Local/Arm/Packs/Keil/STM32F1xx_DFP/2.4.1/Device/Include\stm32f10x.h(26): warning: invalid UTF-8 in comment [-Winvalid-utf8]
  *           - Macros to access peripheral<92>s registers hardware
                                           ^
main.c(1): warning: In file included from...
./myLIB\systick.h(4): warning: In file included from...
C:/Users/Lenovo/AppData/Local/Arm/Packs/Keil/STM32F1xx_DFP/2.4.1/Device/Include\stm32f10x.h(8347): warning: In file included from...
./RTE/Device/STM32F103C8\stm32f10x_conf.h(87): warning: In file included from...
C:/Users/Lenovo/AppData/Local/Arm/Packs/Keil/STM32F1xx_DFP/2.4.1/Device/StdPeriph_Driver/inc\stm32f10x_tim.h(31): warning: In file included from...
C:/Users/Lenovo/AppData/Local/Arm/Packs/Keil/STM32F1xx_DFP/2.4.1/Device/Include\stm32f10x.h(18): warning: invalid UTF-8 in comment [-Winvalid-utf8]
  *              - To use or not the peripheral<92>s drivers in application code(i.e. 
                                               ^
C:/Users/Lenovo/AppData/Local/Arm/Packs/Keil/STM32F1xx_DFP/2.4.1/Device/Include\stm32f10x.h(19): warning: invalid UTF-8 in comment [-Winvalid-utf8]
  *                code will be based on direct access to peripheral<92>s registers 
                                                                    ^
C:/Users/Lenovo/AppData/Local/Arm/Packs/Keil/STM32F1xx_DFP/2.4.1/Device/Include\stm32f10x.h(26): warning: invalid UTF-8 in comment [-Winvalid-utf8]
  *           - Macros to access peripheral<92>s registers hardware
                                           ^
main.c(1): warning: In file included from...
./myLIB\systick.h(4): warning: In file included from...
C:/Users/Lenovo/AppData/Local/Arm/Packs/Keil/STM32F1xx_DFP/2.4.1/Device/Include\stm32f10x.h(8347): warning: In file included from...
./RTE/Device/STM32F103C8\stm32f10x_conf.h(96): warning: In file included from...
C:/Users/Lenovo/AppData/Local/Arm/Packs/Keil/STM32F1xx_DFP/2.4.1/Device/StdPeriph_Driver/inc\misc.h(31): warning: In file included from...
C:/Users/Lenovo/AppData/Local/Arm/Packs/Keil/STM32F1xx_DFP/2.4.1/Device/Include\stm32f10x.h(18): warning: invalid UTF-8 in comment [-Winvalid-utf8]
  *              - To use or not the peripheral<92>s drivers in application code(i.e. 
                                               ^
C:/Users/Lenovo/AppData/Local/Arm/Packs/Keil/STM32F1xx_DFP/2.4.1/Device/Include\stm32f10x.h(19): warning: invalid UTF-8 in comment [-Winvalid-utf8]
  *                code will be based on direct access to peripheral<92>s registers 
                                                                    ^
C:/Users/Lenovo/AppData/Local/Arm/Packs/Keil/STM32F1xx_DFP/2.4.1/Device/Include\stm32f10x.h(26): warning: invalid UTF-8 in comment [-Winvalid-utf8]
  *           - Macros to access peripheral<92>s registers hardware
                                           ^
main.c(1): warning: In file included from...
./myLIB\systick.h(15): warning: no newline at end of file [-Wnewline-eof]
#endif
      ^
main.c(6): warning: no previous prototype for function 'GPIO_TogglePin' [-Wmissing-prototypes]
void GPIO_TogglePin(GPIO_TypeDef *GPIOx, uint16_t GPIO_Pin)
     ^
main.c(6): note: declare 'static' if the function is not intended to be used outside of this translation unit
void GPIO_TogglePin(GPIO_TypeDef *GPIOx, uint16_t GPIO_Pin)
^
static 
main.c(24): warning: mixing declarations and code is a C99 extension [-Wdeclaration-after-statement]
        GPIO_InitTypeDef GPIO_InitStructure;
                         ^
main.c(20): warning: no previous prototype for function 'GPIO_Config' [-Wmissing-prototypes]
void GPIO_Config(void)
     ^
main.c(20): note: declare 'static' if the function is not intended to be used outside of this translation unit
void GPIO_Config(void)
^
static 
main.c(45): warning: // comments are not allowed in this language [-Wcomment]
// create fPWM= 1000hz, ARR = 1000 (1s), PSC = 64, tCNT = 1ms = 1 hz 
^
main.c(31): warning: no previous prototype for function 'NVIC_Config' [-Wmissing-prototypes]
void NVIC_Config(void)
     ^
main.c(31): note: declare 'static' if the function is not intended to be used outside of this translation unit
void NVIC_Config(void)
^
static 
main.c(1): warning: In file included from...
./myLIB\systick.h(4): warning: In file included from...
C:/Users/Lenovo/AppData/Local/Arm/Packs/Keil/STM32F1xx_DFP/2.4.1/Device/Include\stm32f10x.h(8347): warning: In file included from...
./RTE/Device/STM32F103C8\stm32f10x_conf.h(87): warning: In file included from...
C:/Users/Lenovo/AppData/Local/Arm/Packs/Keil/STM32F1xx_DFP/2.4.1/Device/StdPeriph_Driver/inc\stm32f10x_tim.h(50): warning: padding size of 'TIM_TimeBaseInitTypeDef' with 1 byte to alignment boundary [-Wpadded]
typedef struct
        ^
main.c(49): warning: mixing declarations and code is a C99 extension [-Wdeclaration-after-statement]
        TIM_TimeBaseInitTypeDef TIM_TIMBaseInitStructure;
                                ^
main.c(46): warning: no previous prototype for function 'TIM_Config' [-Wmissing-prototypes]
void TIM_Config(void)
     ^
main.c(46): note: declare 'static' if the function is not intended to be used outside of this translation unit
void TIM_Config(void)
^
static 
main.c(60): warning: no previous prototype for function 'PWM_Config' [-Wmissing-prototypes]
void PWM_Config(void)
     ^
main.c(60): note: declare 'static' if the function is not intended to be used outside of this translation unit
void PWM_Config(void)
^
static 
main.c(72): warning: no previous prototype for function 'TIM2_IRQHandler' [-Wmissing-prototypes]
void TIM2_IRQHandler(void)
     ^
main.c(72): note: declare 'static' if the function is not intended to be used outside of this translation unit
void TIM2_IRQHandler(void)
^
static 
main.c(80): warning: no previous prototype for function 'PWM_setDuty' [-Wmissing-prototypes]
void PWM_setDuty(TIM_TypeDef *TIMx, uint32_t Channel, uint16_t duty)
     ^
main.c(80): note: declare 'static' if the function is not intended to be used outside of this translation unit
void PWM_setDuty(TIM_TypeDef *TIMx, uint32_t Channel, uint16_t duty)
^
static 
main.c(121): warning: no newline at end of file [-Wnewline-eof]
}
 ^
28 warnings generated.
compiling main.c...
linking...
Program Size: Code=3318 RO-data=286 RW-data=4 ZI-data=1644  
".\Objects\PWM.axf" - 0 Error(s), 28 Warning(s).

<h2>Software Packages used:</h2>

Package Vendor: ARM
                http://www.keil.com/pack/ARM.CMSIS.5.9.0.pack
                ARM.CMSIS.5.9.0
                CMSIS (Common Microcontroller Software Interface Standard)
   * Component: CORE Version: 5.6.0

Package Vendor: Keil
                https://www.keil.com/pack/Keil.STM32F1xx_DFP.2.4.1.pack
                Keil.STM32F1xx_DFP.2.4.1
                STMicroelectronics STM32F1 Series Device Support, Drivers and Examples
   * Component: GPIO Version: 1.3
   * Component: Startup Version: 1.0.0
   * Component: Framework Version: 3.6.0
   * Component: GPIO Version: 3.6.0
   * Component: RCC Version: 3.6.0
   * Component: TIM Version: 3.6.0

<h2>Collection of Component include folders:</h2>
  ./RTE/Device/STM32F103C8
  ./RTE/_Target_1
  C:/Users/Lenovo/AppData/Local/Arm/Packs/ARM/CMSIS/5.9.0/CMSIS/Core/Include
  C:/Users/Lenovo/AppData/Local/Arm/Packs/Keil/STM32F1xx_DFP/2.4.1/Device/Include
  C:/Users/Lenovo/AppData/Local/Arm/Packs/Keil/STM32F1xx_DFP/2.4.1/Device/StdPeriph_Driver/inc
  C:/Users/Lenovo/AppData/Local/Arm/Packs/Keil/STM32F1xx_DFP/2.4.1/RTE_Driver

<h2>Collection of Component Files used:</h2>

   * Component: ARM::CMSIS:CORE:5.6.0

   * Component: Keil::Device:GPIO:1.3
      Include file:  RTE_Driver/GPIO_STM32F10x.h
      Source file:   RTE_Driver/GPIO_STM32F10x.c

   * Component: Keil::Device:Startup:1.0.0
      Source file:   Device/Source/ARM/startup_stm32f10x_md.s
      Source file:   Device/Source/system_stm32f10x.c
      Include file:  RTE_Driver/Config/RTE_Device.h
      Source file:   Device/Source/ARM/STM32F1xx_OPT.s

   * Component: Keil::Device:StdPeriph Drivers:Framework:3.6.0
      Include file:  Device/StdPeriph_Driver/inc/misc.h
      Include file:  Device/StdPeriph_Driver/templates/stm32f10x_it.h
      Source file:   Device/StdPeriph_Driver/templates/stm32f10x_it.c
      Source file:   Device/StdPeriph_Driver/src/misc.c
      Source file:   Device/StdPeriph_Driver/templates/stm32f10x_conf.h

   * Component: Keil::Device:StdPeriph Drivers:GPIO:3.6.0
      Source file:   Device/StdPeriph_Driver/src/stm32f10x_gpio.c
      Include file:  Device/StdPeriph_Driver/inc/stm32f10x_gpio.h

   * Component: Keil::Device:StdPeriph Drivers:RCC:3.6.0
      Include file:  Device/StdPeriph_Driver/inc/stm32f10x_rcc.h
      Source file:   Device/StdPeriph_Driver/src/stm32f10x_rcc.c

   * Component: Keil::Device:StdPeriph Drivers:TIM:3.6.0
      Source file:   Device/StdPeriph_Driver/src/stm32f10x_tim.c
      Include file:  Device/StdPeriph_Driver/inc/stm32f10x_tim.h
Build Time Elapsed:  00:00:03
</pre>
</body>
</html>
