<html>
<body>
<pre>
<h1>µVision Build Log</h1>
<h2>Tool Versions:</h2>
IDE-Version: ÂµVision V5.38.0.0
Copyright (C) 2022 ARM Ltd and ARM Germany GmbH. All rights reserved.
License Information: lang toan, d, LIC=GMZI6-DHZ8R-RAADM-X3K8A-79GMS-GHGYV
 
Tool Versions:
Toolchain:       MDK-ARM Plus  Version: 5.38.0.0
Toolchain Path:  C:\Keil_v5\ARM\ARMCLANG\Bin
C Compiler:      ArmClang.exe V6.19
Assembler:       Armasm.exe V6.19
Linker/Locator:  ArmLink.exe V6.19
Library Manager: ArmAr.exe V6.19
Hex Converter:   FromElf.exe V6.19
CPU DLL:         SARMCM3.DLL V5.38.0.0
Dialog DLL:      DCM.DLL V1.17.5.0
Target DLL:      UL2CM3.DLL V1.164.8.0
Dialog DLL:      TCM.DLL V1.56.4.0
 
<h2>Project:</h2>
E:\1_TOANLT\Embedded\Embedded\Keil_C\STM32X\5_I2C\I2C_Software\I2C_Soft.uvprojx
Project File Date:  10/14/2023

<h2>Output:</h2>
*** Using Compiler 'V6.19', folder: 'C:\Keil_v5\ARM\ARMCLANG\Bin'
Build target 'Target 1'
I2C_Soft.c(1): warning: In file included from...
C:/Users/Lenovo/AppData/Local/Arm/Packs/Keil/STM32F1xx_DFP/2.4.1/Device/Include\stm32f10x.h(18): warning: invalid UTF-8 in comment [-Winvalid-utf8]
  *              - To use or not the peripheral<92>s drivers in application code(i.e. 
                                               ^
C:/Users/Lenovo/AppData/Local/Arm/Packs/Keil/STM32F1xx_DFP/2.4.1/Device/Include\stm32f10x.h(19): warning: invalid UTF-8 in comment [-Winvalid-utf8]
  *                code will be based on direct access to peripheral<92>s registers 
                                                                    ^
C:/Users/Lenovo/AppData/Local/Arm/Packs/Keil/STM32F1xx_DFP/2.4.1/Device/Include\stm32f10x.h(26): warning: invalid UTF-8 in comment [-Winvalid-utf8]
  *           - Macros to access peripheral<92>s registers hardware
                                           ^
I2C_Soft.c(1): warning: In file included from...
C:/Users/Lenovo/AppData/Local/Arm/Packs/Keil/STM32F1xx_DFP/2.4.1/Device/Include\stm32f10x.h(8347): warning: In file included from...
./RTE/Device/STM32F103C8\stm32f10x_conf.h(63): warning: In file included from...
C:/Users/Lenovo/AppData/Local/Arm/Packs/Keil/STM32F1xx_DFP/2.4.1/Device/StdPeriph_Driver/inc\stm32f10x_gpio.h(31): warning: In file included from...
C:/Users/Lenovo/AppData/Local/Arm/Packs/Keil/STM32F1xx_DFP/2.4.1/Device/Include\stm32f10x.h(18): warning: invalid UTF-8 in comment [-Winvalid-utf8]
  *              - To use or not the peripheral<92>s drivers in application code(i.e. 
                                               ^
C:/Users/Lenovo/AppData/Local/Arm/Packs/Keil/STM32F1xx_DFP/2.4.1/Device/Include\stm32f10x.h(19): warning: invalid UTF-8 in comment [-Winvalid-utf8]
  *                code will be based on direct access to peripheral<92>s registers 
                                                                    ^
C:/Users/Lenovo/AppData/Local/Arm/Packs/Keil/STM32F1xx_DFP/2.4.1/Device/Include\stm32f10x.h(26): warning: invalid UTF-8 in comment [-Winvalid-utf8]
  *           - Macros to access peripheral<92>s registers hardware
                                           ^
I2C_Soft.c(1): warning: In file included from...
C:/Users/Lenovo/AppData/Local/Arm/Packs/Keil/STM32F1xx_DFP/2.4.1/Device/Include\stm32f10x.h(8347): warning: In file included from...
./RTE/Device/STM32F103C8\stm32f10x_conf.h(75): warning: In file included from...
C:/Users/Lenovo/AppData/Local/Arm/Packs/Keil/STM32F1xx_DFP/2.4.1/Device/StdPeriph_Driver/inc\stm32f10x_rcc.h(31): warning: In file included from...
C:/Users/Lenovo/AppData/Local/Arm/Packs/Keil/STM32F1xx_DFP/2.4.1/Device/Include\stm32f10x.h(18): warning: invalid UTF-8 in comment [-Winvalid-utf8]
  *              - To use or not the peripheral<92>s drivers in application code(i.e. 
                                               ^
C:/Users/Lenovo/AppData/Local/Arm/Packs/Keil/STM32F1xx_DFP/2.4.1/Device/Include\stm32f10x.h(19): warning: invalid UTF-8 in comment [-Winvalid-utf8]
  *                code will be based on direct access to peripheral<92>s registers 
                                                                    ^
C:/Users/Lenovo/AppData/Local/Arm/Packs/Keil/STM32F1xx_DFP/2.4.1/Device/Include\stm32f10x.h(26): warning: invalid UTF-8 in comment [-Winvalid-utf8]
  *           - Macros to access peripheral<92>s registers hardware
                                           ^
I2C_Soft.c(1): warning: In file included from...
C:/Users/Lenovo/AppData/Local/Arm/Packs/Keil/STM32F1xx_DFP/2.4.1/Device/Include\stm32f10x.h(8347): warning: In file included from...
./RTE/Device/STM32F103C8\stm32f10x_conf.h(96): warning: In file included from...
C:/Users/Lenovo/AppData/Local/Arm/Packs/Keil/STM32F1xx_DFP/2.4.1/Device/StdPeriph_Driver/inc\misc.h(31): warning: In file included from...
C:/Users/Lenovo/AppData/Local/Arm/Packs/Keil/STM32F1xx_DFP/2.4.1/Device/Include\stm32f10x.h(18): warning: invalid UTF-8 in comment [-Winvalid-utf8]
  *              - To use or not the peripheral<92>s drivers in application code(i.e. 
                                               ^
C:/Users/Lenovo/AppData/Local/Arm/Packs/Keil/STM32F1xx_DFP/2.4.1/Device/Include\stm32f10x.h(19): warning: invalid UTF-8 in comment [-Winvalid-utf8]
  *                code will be based on direct access to peripheral<92>s registers 
                                                                    ^
C:/Users/Lenovo/AppData/Local/Arm/Packs/Keil/STM32F1xx_DFP/2.4.1/Device/Include\stm32f10x.h(26): warning: invalid UTF-8 in comment [-Winvalid-utf8]
  *           - Macros to access peripheral<92>s registers hardware
                                           ^
I2C_Soft.c(14): warning: // comments are not allowed in this language [-Wcomment]
        // Cau hinh chan SCL va SDA
        ^
I2C_Soft.c(22): warning: invalid UTF-8 in comment [-Winvalid-utf8]
        // <D0>at trang thai ban dau la HIGH cho SDA va SCL
           ^
I2C_Soft.c(10): warning: no previous prototype for function 'I2C_Software_Init' [-Wmissing-prototypes]
void I2C_Software_Init(void){
     ^
I2C_Soft.c(10): note: declare 'static' if the function is not intended to be used outside of this translation unit
void I2C_Software_Init(void){
^
static 
I2C_Soft.c(31): warning: no previous prototype for function 'I2C_StartBit' [-Wmissing-prototypes]
void I2C_StartBit(void){
     ^
I2C_Soft.c(31): note: declare 'static' if the function is not intended to be used outside of this translation unit
void I2C_StartBit(void){
^
static 
I2C_Soft.c(41): warning: no previous prototype for function 'I2C_StopBit' [-Wmissing-prototypes]
void I2C_StopBit (void){
     ^
I2C_Soft.c(41): note: declare 'static' if the function is not intended to be used outside of this translation unit
void I2C_StopBit (void){
^
static 
I2C_Soft.c(53): warning: variable declaration in for loop is a C99-specific feature [-Wc99-extensions]
                for(int i = 0; i < 8; i++){
                    ^
I2C_Soft.c(53): warning: GCC does not allow variable declarations in for loop initializers before C99 [-Wgcc-compat]
I2C_Soft.c(51): warning: no previous prototype for function 'I2C_SendOneByte' [-Wmissing-prototypes]
void I2C_SendOneByte(uint8_t byte){                                                                     // byte = 0b10010110                            
     ^
I2C_Soft.c(51): note: declare 'static' if the function is not intended to be used outside of this translation unit
void I2C_SendOneByte(uint8_t byte){                                                                     // byte = 0b10010110                            
^
static 
I2C_Soft.c(85): warning: variable declaration in for loop is a C99-specific feature [-Wc99-extensions]
        for(int i = 0; i < 8; i++){
            ^
I2C_Soft.c(85): warning: GCC does not allow variable declarations in for loop initializers before C99 [-Wgcc-compat]
I2C_Soft.c(72): warning: no previous prototype for function 'I2C_ReadOneByte' [-Wmissing-prototypes]
uint8_t I2C_ReadOneByte(void){
        ^
I2C_Soft.c(72): note: declare 'static' if the function is not intended to be used outside of this translation unit
uint8_t I2C_ReadOneByte(void){
^
static 
I2C_Soft.c(107): warning: no previous prototype for function 'I2C_ACK' [-Wmissing-prototypes]
void I2C_ACK(void){
     ^
I2C_Soft.c(107): note: declare 'static' if the function is not intended to be used outside of this translation unit
void I2C_ACK(void){
^
static 
I2C_Soft.c(116): warning: no previous prototype for function 'I2C_NACK' [-Wmissing-prototypes]
void I2C_NACK(void){
     ^
I2C_Soft.c(116): note: declare 'static' if the function is not intended to be used outside of this translation unit
void I2C_NACK(void){
^
static 
I2C_Soft.c(125): warning: no previous prototype for function 'I2C_ReadACK' [-Wmissing-prototypes]
uint8_t I2C_ReadACK(void){
        ^
I2C_Soft.c(125): note: declare 'static' if the function is not intended to be used outside of this translation unit
uint8_t I2C_ReadACK(void){
^
static 
I2C_Soft.c(145): warning: variable declaration in for loop is a C99-specific feature [-Wc99-extensions]
                for(int i = 0; i < len; i++){
                    ^
I2C_Soft.c(145): warning: GCC does not allow variable declarations in for loop initializers before C99 [-Wgcc-compat]
I2C_Soft.c(144): warning: no previous prototype for function 'I2C_SendBytes' [-Wmissing-prototypes]
void I2C_SendBytes(uint8_t *data, uint32_t len){
     ^
I2C_Soft.c(144): note: declare 'static' if the function is not intended to be used outside of this translation unit
void I2C_SendBytes(uint8_t *data, uint32_t len){
^
static 
I2C_Soft.c(145): warning: comparison of integers of different signs: 'int' and 'uint32_t' (aka 'unsigned int') [-Wsign-compare]
                for(int i = 0; i < len; i++){
                               ~ ^ ~~~
I2C_Soft.c(159): warning: variable declaration in for loop is a C99-specific feature [-Wc99-extensions]
                for(int i = 0; i < len; i++){
                    ^
I2C_Soft.c(159): warning: GCC does not allow variable declarations in for loop initializers before C99 [-Wgcc-compat]
I2C_Soft.c(158): warning: no previous prototype for function 'I2C_ReadBytes' [-Wmissing-prototypes]
void I2C_ReadBytes(uint8_t *buffer, uint32_t len){
     ^
I2C_Soft.c(158): note: declare 'static' if the function is not intended to be used outside of this translation unit
void I2C_ReadBytes(uint8_t *buffer, uint32_t len){
^
static 
I2C_Soft.c(159): warning: comparison of integers of different signs: 'int' and 'uint32_t' (aka 'unsigned int') [-Wsign-compare]
                for(int i = 0; i < len; i++){
                               ~ ^ ~~~
I2C_Soft.c(176): warning: no newline at end of file [-Wnewline-eof]
}
 ^
35 warnings generated.
compiling I2C_Soft.c...
linking...
Program Size: Code=732 RO-data=252 RW-data=0 ZI-data=1632  
".\Objects\I2C_Soft.axf" - 0 Error(s), 35 Warning(s).

<h2>Software Packages used:</h2>

Package Vendor: ARM
                http://www.keil.com/pack/ARM.CMSIS.5.9.0.pack
                ARM.CMSIS.5.9.0
                CMSIS (Common Microcontroller Software Interface Standard)
   * Component: CORE Version: 5.6.0

Package Vendor: Keil
                https://www.keil.com/pack/Keil.STM32F1xx_DFP.2.4.1.pack
                Keil.STM32F1xx_DFP.2.4.1
                STMicroelectronics STM32F1 Series Device Support, Drivers and Examples
   * Component: GPIO Version: 1.3
   * Component: Startup Version: 1.0.0
   * Component: Framework Version: 3.6.0
   * Component: GPIO Version: 3.6.0
   * Component: RCC Version: 3.6.0

<h2>Collection of Component include folders:</h2>
  ./RTE/Device/STM32F103C8
  ./RTE/_Target_1
  C:/Users/Lenovo/AppData/Local/Arm/Packs/ARM/CMSIS/5.9.0/CMSIS/Core/Include
  C:/Users/Lenovo/AppData/Local/Arm/Packs/Keil/STM32F1xx_DFP/2.4.1/Device/Include
  C:/Users/Lenovo/AppData/Local/Arm/Packs/Keil/STM32F1xx_DFP/2.4.1/Device/StdPeriph_Driver/inc
  C:/Users/Lenovo/AppData/Local/Arm/Packs/Keil/STM32F1xx_DFP/2.4.1/RTE_Driver

<h2>Collection of Component Files used:</h2>

   * Component: ARM::CMSIS:CORE:5.6.0

   * Component: Keil::Device:GPIO:1.3
      Include file:  RTE_Driver/GPIO_STM32F10x.h
      Source file:   RTE_Driver/GPIO_STM32F10x.c

   * Component: Keil::Device:Startup:1.0.0
      Source file:   Device/Source/system_stm32f10x.c
      Source file:   Device/Source/ARM/startup_stm32f10x_md.s
      Include file:  RTE_Driver/Config/RTE_Device.h
      Source file:   Device/Source/ARM/STM32F1xx_OPT.s

   * Component: Keil::Device:StdPeriph Drivers:Framework:3.6.0
      Source file:   Device/StdPeriph_Driver/templates/stm32f10x_conf.h
      Source file:   Device/StdPeriph_Driver/templates/stm32f10x_it.c
      Include file:  Device/StdPeriph_Driver/templates/stm32f10x_it.h
      Include file:  Device/StdPeriph_Driver/inc/misc.h
      Source file:   Device/StdPeriph_Driver/src/misc.c

   * Component: Keil::Device:StdPeriph Drivers:GPIO:3.6.0
      Source file:   Device/StdPeriph_Driver/src/stm32f10x_gpio.c
      Include file:  Device/StdPeriph_Driver/inc/stm32f10x_gpio.h

   * Component: Keil::Device:StdPeriph Drivers:RCC:3.6.0
      Source file:   Device/StdPeriph_Driver/src/stm32f10x_rcc.c
      Include file:  Device/StdPeriph_Driver/inc/stm32f10x_rcc.h
Build Time Elapsed:  00:00:01
</pre>
</body>
</html>
